Release 14.7 - xst P.20131013 (lin64)
Copyright (c) 1995-2013 Xilinx, Inc.  All rights reserved.
--> 
Parameter TMPDIR set to xst/projnav.tmp


Total REAL time to Xst completion: 1.00 secs
Total CPU time to Xst completion: 0.04 secs
 
--> 
Parameter xsthdpdir set to xst


Total REAL time to Xst completion: 1.00 secs
Total CPU time to Xst completion: 0.04 secs
 
--> 
Reading design: CPU.prj

TABLE OF CONTENTS
  1) Synthesis Options Summary
  2) HDL Parsing
  3) HDL Elaboration
  4) HDL Synthesis
       4.1) HDL Synthesis Report
  5) Advanced HDL Synthesis
       5.1) Advanced HDL Synthesis Report
  6) Low Level Synthesis
  7) Partition Report
  8) Design Summary
       8.1) Primitive and Black Box Usage
       8.2) Device utilization summary
       8.3) Partition Resource Summary
       8.4) Timing Report
            8.4.1) Clock Information
            8.4.2) Asynchronous Control Signals Information
            8.4.3) Timing Summary
            8.4.4) Timing Details
            8.4.5) Cross Clock Domains Report


=========================================================================
*                      Synthesis Options Summary                        *
=========================================================================
---- Source Parameters
Input File Name                    : "CPU.prj"
Ignore Synthesis Constraint File   : NO

---- Target Parameters
Output File Name                   : "CPU"
Output Format                      : NGC
Target Device                      : xc6slx16-3-csg324

---- Source Options
Top Module Name                    : CPU
Automatic FSM Extraction           : YES
FSM Encoding Algorithm             : Auto
Safe Implementation                : No
FSM Style                          : LUT
RAM Extraction                     : Yes
RAM Style                          : Auto
ROM Extraction                     : Yes
Shift Register Extraction          : YES
ROM Style                          : Auto
Resource Sharing                   : YES
Asynchronous To Synchronous        : NO
Shift Register Minimum Size        : 2
Use DSP Block                      : Auto
Automatic Register Balancing       : No

---- Target Options
LUT Combining                      : Auto
Reduce Control Sets                : Auto
Add IO Buffers                     : YES
Global Maximum Fanout              : 100000
Add Generic Clock Buffer(BUFG)     : 16
Register Duplication               : YES
Optimize Instantiated Primitives   : NO
Use Clock Enable                   : Auto
Use Synchronous Set                : Auto
Use Synchronous Reset              : Auto
Pack IO Registers into IOBs        : Auto
Equivalent register Removal        : YES

---- General Options
Optimization Goal                  : Speed
Optimization Effort                : 1
Power Reduction                    : NO
Keep Hierarchy                     : No
Netlist Hierarchy                  : As_Optimized
RTL Output                         : Yes
Global Optimization                : AllClockNets
Read Cores                         : YES
Write Timing Constraints           : NO
Cross Clock Analysis               : NO
Hierarchy Separator                : /
Bus Delimiter                      : <>
Case Specifier                     : Maintain
Slice Utilization Ratio            : 100
BRAM Utilization Ratio             : 100
DSP48 Utilization Ratio            : 100
Auto BRAM Packing                  : NO
Slice Utilization Ratio Delta      : 5

---- Other Options
Cores Search Directories           : {"ipcore_dir"  }

=========================================================================


=========================================================================
*                          HDL Parsing                                  *
=========================================================================
Analyzing Verilog file "/home/rajp/Projects/CS_3710/assignment_3/VGASignalGenerator.v" into library work
Parsing module <VGASignalGenerator>.
Analyzing Verilog file "/home/rajp/Projects/CS_3710/assignment_3/RegisterFile.v" into library work
Parsing module <RegisterFile>.
Analyzing Verilog file "/home/rajp/Projects/CS_3710/assignment_3/PixelGenerator.v" into library work
Parsing module <PixelGenerator>.
Analyzing Verilog file "/home/rajp/Projects/CS_3710/assignment_3/VGAController.v" into library work
Parsing module <VGAController>.
Analyzing Verilog file "/home/rajp/Projects/CS_3710/assignment_3/ipcore_dir/VGARAM.v" into library work
Parsing module <VGARAM>.
Analyzing Verilog file "/home/rajp/Projects/CS_3710/assignment_3/Debouncer.v" into library work
Parsing module <Debouncer>.
Parsing module <clock_enable>.
Parsing module <Dflipflop>.
Analyzing Verilog file "/home/rajp/Projects/CS_3710/assignment_3/Core.v" into library work
Parsing module <Core>.
Analyzing Verilog file "/home/rajp/Projects/CS_3710/assignment_3/CPU.v" into library work
Parsing module <CPU>.

=========================================================================
*                            HDL Elaboration                            *
=========================================================================

Elaborating module <CPU>.

Elaborating module <Debouncer>.

Elaborating module <clock_enable>.

Elaborating module <Dflipflop>.

Elaborating module <VGARAM>.

Elaborating module <VGAController>.

Elaborating module <PixelGenerator>.

Elaborating module <VGASignalGenerator>.

Elaborating module <Core>.

Elaborating module <RegisterFile>.

=========================================================================
*                           HDL Synthesis                               *
=========================================================================

Synthesizing Unit <CPU>.
    Related source file is "/home/rajp/Projects/CS_3710/assignment_3/CPU.v".
    Summary:
	no macro.
Unit <CPU> synthesized.

Synthesizing Unit <Debouncer>.
    Related source file is "/home/rajp/Projects/CS_3710/assignment_3/Debouncer.v".
    Summary:
	no macro.
Unit <Debouncer> synthesized.

Synthesizing Unit <clock_enable>.
    Related source file is "/home/rajp/Projects/CS_3710/assignment_3/Debouncer.v".
    Found 18-bit register for signal <counter>.
    Found 18-bit adder for signal <counter[17]_GND_3_o_add_2_OUT> created at line 54.
    Found 18-bit comparator lessequal for signal <n0001> created at line 54
    Summary:
	inferred   1 Adder/Subtractor(s).
	inferred  18 D-type flip-flop(s).
	inferred   1 Comparator(s).
	inferred   1 Multiplexer(s).
Unit <clock_enable> synthesized.

Synthesizing Unit <Dflipflop>.
    Related source file is "/home/rajp/Projects/CS_3710/assignment_3/Debouncer.v".
    Found 1-bit register for signal <Q>.
    Summary:
	inferred   1 D-type flip-flop(s).
Unit <Dflipflop> synthesized.

Synthesizing Unit <VGAController>.
    Related source file is "/home/rajp/Projects/CS_3710/assignment_3/VGAController.v".
    Summary:
	no macro.
Unit <VGAController> synthesized.

Synthesizing Unit <PixelGenerator>.
    Related source file is "/home/rajp/Projects/CS_3710/assignment_3/PixelGenerator.v".
    Found 2-bit register for signal <glyph_state>.
    Found 9-bit register for signal <latched_row>.
    Found 10-bit register for signal <latched_column>.
    Found 8-bit register for signal <next_color>.
    Found 8-bit register for signal <latched_data_in<7:0>>.
    Found 31-bit register for signal <random_number>.
    Found 15-bit adder for signal <n0050> created at line 63.
    Found 2-bit adder for signal <glyph_state[1]_GND_7_o_add_9_OUT> created at line 90.
    Found 1-bit 8-to-1 multiplexer for signal <latched_column[2]_upper_bits[7]_Mux_4_o> created at line 68.
    Found 1-bit 8-to-1 multiplexer for signal <latched_column[2]_lower_bits[7]_Mux_5_o> created at line 71.
    Found 8-bit 4-to-1 multiplexer for signal <mode[1]_PWR_7_o_wide_mux_10_OUT> created at line 97.
    Summary:
	inferred   2 Adder/Subtractor(s).
	inferred  68 D-type flip-flop(s).
	inferred   5 Multiplexer(s).
Unit <PixelGenerator> synthesized.

Synthesizing Unit <VGASignalGenerator>.
    Related source file is "/home/rajp/Projects/CS_3710/assignment_3/VGASignalGenerator.v".
    Found 10-bit register for signal <column_counter>.
    Found 10-bit register for signal <row_counter>.
    Found 1-bit register for signal <hsync>.
    Found 1-bit register for signal <vsync>.
    Found 8-bit register for signal <rgbcolor>.
    Found 2-bit register for signal <pixel_counter>.
    Found 10-bit subtractor for signal <column> created at line 76.
    Found 2-bit adder for signal <next_pixel_counter> created at line 79.
    Found 10-bit adder for signal <column_counter[9]_GND_8_o_add_13_OUT> created at line 84.
    Found 10-bit adder for signal <row_counter[9]_GND_8_o_add_16_OUT> created at line 89.
    Found 9-bit subtractor for signal <calculated_row_output<8:0>> created at line 72.
    Found 9-bit comparator greater for signal <row[8]_PWR_8_o_LessThan_2_o> created at line 59
    Found 10-bit comparator greater for signal <column[9]_PWR_8_o_LessThan_3_o> created at line 59
    Found 10-bit comparator greater for signal <column_counter[9]_GND_8_o_LessThan_6_o> created at line 67
    Found 10-bit comparator lessequal for signal <n0010> created at line 67
    Found 10-bit comparator greater for signal <row_counter[9]_GND_8_o_LessThan_8_o> created at line 68
    Found 10-bit comparator lessequal for signal <n0014> created at line 68
    Found 10-bit comparator lessequal for signal <PWR_8_o_column_counter[9]_LessThan_20_o> created at line 92
    Found 10-bit comparator lessequal for signal <PWR_8_o_row_counter[9]_LessThan_21_o> created at line 95
    Summary:
	inferred   5 Adder/Subtractor(s).
	inferred  32 D-type flip-flop(s).
	inferred   8 Comparator(s).
	inferred   1 Multiplexer(s).
Unit <VGASignalGenerator> synthesized.

Synthesizing Unit <Core>.
    Related source file is "/home/rajp/Projects/CS_3710/assignment_3/Core.v".
        ADD = 5'b00000
        SUB = 5'b00001
        ADDI = 5'b00010
        SHLLI = 5'b00011
        SHRLI = 5'b00100
        JUMP = 5'b00101
        JUMPLI = 5'b00110
        JUMPL = 5'b00111
        JUMPG = 5'b01000
        JUMPE = 5'b01001
        JUMPNE = 5'b01010
        CMP = 5'b01011
        RET = 5'b01100
        LOAD = 5'b01101
        LOADI = 5'b01110
        STORE = 5'b01111
        MOV = 5'b10000
        FETCH = 3'b000
        DECODE = 3'b001
        EXECUTE = 3'b010
        LOAD1 = 3'b011
        LOAD2 = 3'b100
        STORE1 = 3'b101
    Found 5-bit register for signal <opcode>.
    Found 5-bit register for signal <dest_reg_index>.
    Found 11-bit register for signal <immediateL>.
    Found 6-bit register for signal <immediateS>.
    Found 24-bit register for signal <data_from_reg_1>.
    Found 24-bit register for signal <data_from_reg_2>.
    Found 15-bit register for signal <program_counter>.
    Found 1-bit register for signal <status_ZF>.
    Found 4-bit register for signal <core_state>.
    Found finite state machine <FSM_0> for signal <core_state>.
    -----------------------------------------------------------------------
    | States             | 6                                              |
    | Transitions        | 10                                             |
    | Inputs             | 4                                              |
    | Outputs            | 9                                              |
    | Clock              | clk (rising_edge)                              |
    | Power Up State     | 0000                                           |
    | Encoding           | auto                                           |
    | Implementation     | LUT                                            |
    -----------------------------------------------------------------------
    Found 24-bit subtractor for signal <data_from_reg_1[23]_data_from_reg_2[23]_sub_7_OUT> created at line 159.
    Found 15-bit adder for signal <n0138> created at line 122.
    Found 24-bit adder for signal <data_from_reg_1[23]_data_from_reg_2[23]_add_5_OUT> created at line 155.
    Found 24-bit adder for signal <data_from_reg_1[23]_GND_9_o_add_7_OUT> created at line 163.
    Found 15-bit adder for signal <program_counter[14]_immediateL[10]_add_11_OUT> created at line 175.
    Found 24-bit shifter logical left for signal <data_from_reg_1[23]_immediateS[5]_shift_left_8_OUT> created at line 167
    Found 24-bit shifter logical right for signal <data_from_reg_1[23]_immediateS[5]_shift_right_9_OUT> created at line 171
    Summary:
	inferred   5 Adder/Subtractor(s).
	inferred  91 D-type flip-flop(s).
	inferred  20 Multiplexer(s).
	inferred   2 Combinational logic shifter(s).
	inferred   1 Finite State Machine(s).
Unit <Core> synthesized.

Synthesizing Unit <RegisterFile>.
    Related source file is "/home/rajp/Projects/CS_3710/assignment_3/RegisterFile.v".
    Found 24-bit register for signal <lr2>.
    Found 24-bit register for signal <lr1>.
    Found 24-bit register for signal <lr0>.
    Found 16-bit register for signal <r27>.
    Found 16-bit register for signal <r26>.
    Found 16-bit register for signal <r25>.
    Found 16-bit register for signal <r24>.
    Found 16-bit register for signal <r23>.
    Found 16-bit register for signal <r22>.
    Found 16-bit register for signal <r21>.
    Found 16-bit register for signal <r20>.
    Found 16-bit register for signal <r19>.
    Found 16-bit register for signal <r18>.
    Found 16-bit register for signal <r17>.
    Found 16-bit register for signal <r16>.
    Found 16-bit register for signal <r15>.
    Found 16-bit register for signal <r14>.
    Found 16-bit register for signal <r13>.
    Found 16-bit register for signal <r12>.
    Found 16-bit register for signal <r11>.
    Found 16-bit register for signal <r10>.
    Found 16-bit register for signal <r9>.
    Found 16-bit register for signal <r8>.
    Found 16-bit register for signal <r7>.
    Found 16-bit register for signal <r6>.
    Found 16-bit register for signal <r5>.
    Found 16-bit register for signal <r4>.
    Found 16-bit register for signal <r3>.
    Found 16-bit register for signal <r2>.
    Found 16-bit register for signal <r1>.
    Found 16-bit register for signal <r0>.
    Found 24-bit register for signal <lr3>.
    Found 24-bit 32-to-1 multiplexer for signal <read_data_1> created at line 71.
    Found 24-bit 32-to-1 multiplexer for signal <read_data_2> created at line 106.
    Summary:
	inferred 544 D-type flip-flop(s).
	inferred   2 Multiplexer(s).
Unit <RegisterFile> synthesized.

=========================================================================
HDL Synthesis Report

Macro Statistics
# Adders/Subtractors                                   : 13
 10-bit adder                                          : 2
 10-bit subtractor                                     : 1
 15-bit adder                                          : 3
 18-bit adder                                          : 1
 2-bit adder                                           : 2
 24-bit adder                                          : 2
 24-bit subtractor                                     : 1
 9-bit subtractor                                      : 1
# Registers                                            : 55
 1-bit register                                        : 5
 10-bit register                                       : 3
 11-bit register                                       : 1
 15-bit register                                       : 1
 16-bit register                                       : 28
 18-bit register                                       : 1
 2-bit register                                        : 2
 24-bit register                                       : 6
 31-bit register                                       : 1
 5-bit register                                        : 2
 6-bit register                                        : 1
 8-bit register                                        : 3
 9-bit register                                        : 1
# Comparators                                          : 9
 10-bit comparator greater                             : 3
 10-bit comparator lessequal                           : 4
 18-bit comparator lessequal                           : 1
 9-bit comparator greater                              : 1
# Multiplexers                                         : 29
 1-bit 2-to-1 multiplexer                              : 3
 1-bit 8-to-1 multiplexer                              : 2
 15-bit 2-to-1 multiplexer                             : 10
 16-bit 2-to-1 multiplexer                             : 1
 18-bit 2-to-1 multiplexer                             : 1
 24-bit 2-to-1 multiplexer                             : 7
 24-bit 32-to-1 multiplexer                            : 2
 5-bit 2-to-1 multiplexer                              : 2
 8-bit 4-to-1 multiplexer                              : 1
# Logic shifters                                       : 2
 24-bit shifter logical left                           : 1
 24-bit shifter logical right                          : 1
# FSMs                                                 : 1
# Xors                                                 : 2
 1-bit xor2                                            : 2

=========================================================================

=========================================================================
*                       Advanced HDL Synthesis                          *
=========================================================================

Reading core <ipcore_dir/VGARAM.ngc>.
Loading core <VGARAM> for timing and area information for instance <_vgaRam>.
INFO:Xst:2261 - The FF/Latch <immediateL_0> in Unit <_core> is equivalent to the following FF/Latch, which will be removed : <dest_reg_index_0> 
INFO:Xst:2261 - The FF/Latch <immediateL_1> in Unit <_core> is equivalent to the following FF/Latch, which will be removed : <dest_reg_index_1> 
INFO:Xst:2261 - The FF/Latch <immediateL_2> in Unit <_core> is equivalent to the following FF/Latch, which will be removed : <dest_reg_index_2> 
INFO:Xst:2261 - The FF/Latch <immediateL_3> in Unit <_core> is equivalent to the following FF/Latch, which will be removed : <dest_reg_index_3> 
INFO:Xst:2261 - The FF/Latch <immediateL_4> in Unit <_core> is equivalent to the following FF/Latch, which will be removed : <dest_reg_index_4> 
INFO:Xst:2261 - The FF/Latch <immediateL_5> in Unit <_core> is equivalent to the following FF/Latch, which will be removed : <immediateS_0> 
INFO:Xst:2261 - The FF/Latch <immediateL_6> in Unit <_core> is equivalent to the following FF/Latch, which will be removed : <immediateS_1> 
INFO:Xst:2261 - The FF/Latch <immediateL_7> in Unit <_core> is equivalent to the following FF/Latch, which will be removed : <immediateS_2> 
INFO:Xst:2261 - The FF/Latch <immediateL_8> in Unit <_core> is equivalent to the following FF/Latch, which will be removed : <immediateS_3> 
INFO:Xst:2261 - The FF/Latch <immediateL_9> in Unit <_core> is equivalent to the following FF/Latch, which will be removed : <immediateS_4> 
INFO:Xst:2261 - The FF/Latch <immediateL_10> in Unit <_core> is equivalent to the following FF/Latch, which will be removed : <immediateS_5> 

Synthesizing (advanced) Unit <PixelGenerator>.
The following registers are absorbed into counter <glyph_state>: 1 register on signal <glyph_state>.
Unit <PixelGenerator> synthesized (advanced).

Synthesizing (advanced) Unit <VGASignalGenerator>.
The following registers are absorbed into counter <pixel_counter>: 1 register on signal <pixel_counter>.
The following registers are absorbed into counter <column_counter>: 1 register on signal <column_counter>.
The following registers are absorbed into counter <row_counter>: 1 register on signal <row_counter>.
Unit <VGASignalGenerator> synthesized (advanced).

Synthesizing (advanced) Unit <clock_enable>.
The following registers are absorbed into counter <counter>: 1 register on signal <counter>.
Unit <clock_enable> synthesized (advanced).

=========================================================================
Advanced HDL Synthesis Report

Macro Statistics
# Adders/Subtractors                                   : 8
 10-bit subtractor                                     : 1
 15-bit adder                                          : 3
 24-bit adder                                          : 2
 24-bit subtractor                                     : 1
 9-bit subtractor                                      : 1
# Counters                                             : 5
 10-bit up counter                                     : 2
 18-bit up counter                                     : 1
 2-bit up counter                                      : 2
# Registers                                            : 713
 Flip-Flops                                            : 713
# Comparators                                          : 9
 10-bit comparator greater                             : 3
 10-bit comparator lessequal                           : 4
 18-bit comparator lessequal                           : 1
 9-bit comparator greater                              : 1
# Multiplexers                                         : 73
 1-bit 2-to-1 multiplexer                              : 2
 1-bit 32-to-1 multiplexer                             : 48
 1-bit 8-to-1 multiplexer                              : 2
 15-bit 2-to-1 multiplexer                             : 10
 16-bit 2-to-1 multiplexer                             : 1
 24-bit 2-to-1 multiplexer                             : 7
 5-bit 2-to-1 multiplexer                              : 2
 8-bit 4-to-1 multiplexer                              : 1
# Logic shifters                                       : 2
 24-bit shifter logical left                           : 1
 24-bit shifter logical right                          : 1
# FSMs                                                 : 1
# Xors                                                 : 2
 1-bit xor2                                            : 2

=========================================================================

=========================================================================
*                         Low Level Synthesis                           *
=========================================================================
INFO:Xst:2261 - The FF/Latch <dest_reg_index_0> in Unit <Core> is equivalent to the following FF/Latch, which will be removed : <immediateL_0> 
INFO:Xst:2261 - The FF/Latch <dest_reg_index_1> in Unit <Core> is equivalent to the following FF/Latch, which will be removed : <immediateL_1> 
INFO:Xst:2261 - The FF/Latch <dest_reg_index_2> in Unit <Core> is equivalent to the following FF/Latch, which will be removed : <immediateL_2> 
INFO:Xst:2261 - The FF/Latch <dest_reg_index_3> in Unit <Core> is equivalent to the following FF/Latch, which will be removed : <immediateL_3> 
INFO:Xst:2261 - The FF/Latch <dest_reg_index_4> in Unit <Core> is equivalent to the following FF/Latch, which will be removed : <immediateL_4> 
INFO:Xst:2261 - The FF/Latch <immediateL_5> in Unit <Core> is equivalent to the following FF/Latch, which will be removed : <immediateS_0> 
INFO:Xst:2261 - The FF/Latch <immediateL_6> in Unit <Core> is equivalent to the following FF/Latch, which will be removed : <immediateS_1> 
INFO:Xst:2261 - The FF/Latch <immediateL_7> in Unit <Core> is equivalent to the following FF/Latch, which will be removed : <immediateS_2> 
INFO:Xst:2261 - The FF/Latch <immediateL_8> in Unit <Core> is equivalent to the following FF/Latch, which will be removed : <immediateS_3> 
INFO:Xst:2261 - The FF/Latch <immediateL_9> in Unit <Core> is equivalent to the following FF/Latch, which will be removed : <immediateS_4> 
INFO:Xst:2261 - The FF/Latch <immediateL_10> in Unit <Core> is equivalent to the following FF/Latch, which will be removed : <immediateS_5> 
Analyzing FSM <MFsm> for best encoding.
Optimizing FSM <_core/FSM_0> on signal <core_state[1:4]> with user encoding.
-------------------
 State | Encoding
-------------------
 0000  | 0000
 0001  | 0001
 0010  | 0010
 0101  | 0101
 0011  | 0011
 0100  | 0100
-------------------

Optimizing unit <CPU> ...

Optimizing unit <PixelGenerator> ...

Optimizing unit <VGASignalGenerator> ...

Optimizing unit <Core> ...

Optimizing unit <RegisterFile> ...
INFO:Xst:2261 - The FF/Latch <_vgaController/_pixelGenerator/glyph_state_0> in Unit <CPU> is equivalent to the following FF/Latch, which will be removed : <_vgaController/_vgaSignalGenerator/pixel_counter_0> 
INFO:Xst:2261 - The FF/Latch <_vgaController/_pixelGenerator/glyph_state_1> in Unit <CPU> is equivalent to the following FF/Latch, which will be removed : <_vgaController/_vgaSignalGenerator/pixel_counter_1> 

Mapping all equations...
Building and optimizing final netlist ...
Found area constraint ratio of 100 (+ 5) on block CPU, actual ratio is 17.

Final Macro Processing ...

Processing Unit <CPU> :
	Found 3-bit shift register for signal <_vgaController/_pixelGenerator/random_number_30>.
	Found 20-bit shift register for signal <_vgaController/_pixelGenerator/random_number_27>.
Unit <CPU> processed.

=========================================================================
Final Register Report

Macro Statistics
# Registers                                            : 722
 Flip-Flops                                            : 722
# Shift Registers                                      : 2
 20-bit shift register                                 : 1
 3-bit shift register                                  : 1

=========================================================================

=========================================================================
*                           Partition Report                            *
=========================================================================

Partition Implementation Status
-------------------------------

  No Partitions were found in this design.

-------------------------------

=========================================================================
*                            Design Summary                             *
=========================================================================

Top Level Output File Name         : CPU.ngc

Primitive and Black Box Usage:
------------------------------
# BELS                             : 1809
#      GND                         : 2
#      INV                         : 9
#      LUT1                        : 41
#      LUT2                        : 90
#      LUT3                        : 75
#      LUT4                        : 92
#      LUT5                        : 480
#      LUT6                        : 653
#      MUXCY                       : 132
#      MUXF7                       : 75
#      MUXF8                       : 18
#      VCC                         : 2
#      XORCY                       : 140
# FlipFlops/Latches                : 732
#      FD                          : 14
#      FDC                         : 18
#      FDE                         : 662
#      FDR                         : 18
#      FDRE                        : 20
# RAMS                             : 30
#      RAMB16BWER                  : 30
# Shift Registers                  : 2
#      SRLC16E                     : 1
#      SRLC32E                     : 1
# Clock Buffers                    : 1
#      BUFGP                       : 1
# IO Buffers                       : 14
#      IBUF                        : 4
#      OBUF                        : 10

Device utilization summary:
---------------------------

Selected Device : 6slx16csg324-3 


Slice Logic Utilization: 
 Number of Slice Registers:             732  out of  18224     4%  
 Number of Slice LUTs:                 1442  out of   9112    15%  
    Number used as Logic:              1440  out of   9112    15%  
    Number used as Memory:                2  out of   2176     0%  
       Number used as SRL:                2

Slice Logic Distribution: 
 Number of LUT Flip Flop pairs used:   1981
   Number with an unused Flip Flop:    1249  out of   1981    63%  
   Number with an unused LUT:           539  out of   1981    27%  
   Number of fully used LUT-FF pairs:   193  out of   1981     9%  
   Number of unique control sets:        46

IO Utilization: 
 Number of IOs:                          15
 Number of bonded IOBs:                  15  out of    232     6%  

Specific Feature Utilization:
 Number of Block RAM/FIFO:               30  out of     32    93%  
    Number using Block RAM only:         30
 Number of BUFG/BUFGCTRLs:                1  out of     16     6%  

---------------------------
Partition Resource Summary:
---------------------------

  No Partitions were found in this design.

---------------------------


=========================================================================
Timing Report

NOTE: THESE TIMING NUMBERS ARE ONLY A SYNTHESIS ESTIMATE.
      FOR ACCURATE TIMING INFORMATION PLEASE REFER TO THE TRACE REPORT
      GENERATED AFTER PLACE-and-ROUTE.

Clock Information:
------------------
-----------------------------------+------------------------+-------+
Clock Signal                       | Clock buffer(FF name)  | Load  |
-----------------------------------+------------------------+-------+
clk                                | BUFGP                  | 764   |
-----------------------------------+------------------------+-------+

Asynchronous Control Signals Information:
----------------------------------------
No asynchronous control signals found in this design

Timing Summary:
---------------
Speed Grade: -3

   Minimum period: 7.202ns (Maximum Frequency: 138.846MHz)
   Minimum input arrival time before clock: 3.792ns
   Maximum output required time after clock: 3.597ns
   Maximum combinational path delay: No path found

Timing Details:
---------------
All values displayed in nanoseconds (ns)

=========================================================================
Timing constraint: Default period analysis for Clock 'clk'
  Clock period: 7.202ns (frequency: 138.846MHz)
  Total number of paths / destination ports: 129069 / 2509
-------------------------------------------------------------------------
Delay:               7.202ns (Levels of Logic = 6)
  Source:            _vgaRam/U0/xst_blk_mem_generator/gnativebmg.native_blk_mem_gen/valid.cstr/ramloop[10].ram.r/s6_init.ram/TRUE_DP.PRIM18.ram (RAM)
  Destination:       _core/data_from_reg_2_11 (FF)
  Source Clock:      clk rising
  Destination Clock: clk rising

  Data Path: _vgaRam/U0/xst_blk_mem_generator/gnativebmg.native_blk_mem_gen/valid.cstr/ramloop[10].ram.r/s6_init.ram/TRUE_DP.PRIM18.ram to _core/data_from_reg_2_11
                                Gate     Net
    Cell:in->out      fanout   Delay   Delay  Logical Name (Net Name)
    ----------------------------------------  ------------
     RAMB16BWER:CLKB->DOB0    1   1.850   0.684  U0/xst_blk_mem_generator/gnativebmg.native_blk_mem_gen/valid.cstr/ramloop[10].ram.r/s6_init.ram/TRUE_DP.PRIM18.ram (U0/xst_blk_mem_generator/gnativebmg.native_blk_mem_gen/valid.cstr/ramloop[10].ram.ram_doutb)
     LUT3:I1->O          108   0.203   1.899  U0/xst_blk_mem_generator/gnativebmg.native_blk_mem_gen/valid.cstr/has_mux_b.B/Mmux_dout_mux61 (doutb<5>)
     end scope: '_vgaRam:doutb<5>'
     LUT4:I3->O           17   0.205   1.132  _core/Mmux_read_index_211 (_core/read_index_2<0>)
     LUT6:I4->O            1   0.203   0.580  _core/_RegisterFile/mux26_91 (_core/_RegisterFile/mux26_91)
     LUT6:I5->O            1   0.205   0.000  _core/_RegisterFile/mux26_2_f7_G (N1074)
     MUXF7:I1->O           1   0.140   0.000  _core/_RegisterFile/mux26_2_f7 (_core/read_data_2<11>)
     FDE:D                     0.102          _core/data_from_reg_2_11
    ----------------------------------------
    Total                      7.202ns (2.908ns logic, 4.294ns route)
                                       (40.4% logic, 59.6% route)

=========================================================================
Timing constraint: Default OFFSET IN BEFORE for Clock 'clk'
  Total number of paths / destination ports: 45 / 28
-------------------------------------------------------------------------
Offset:              3.792ns (Levels of Logic = 3)
  Source:            mode<0> (PAD)
  Destination:       _vgaController/_pixelGenerator/next_color_7 (FF)
  Destination Clock: clk rising

  Data Path: mode<0> to _vgaController/_pixelGenerator/next_color_7
                                Gate     Net
    Cell:in->out      fanout   Delay   Delay  Logical Name (Net Name)
    ----------------------------------------  ------------
     IBUF:I->O            16   1.222   1.252  mode_0_IBUF (mode_0_IBUF)
     LUT4:I0->O            1   0.203   0.808  _vgaController/_pixelGenerator/Mmux_mode[1]_PWR_7_o_wide_mux_10_OUT12_SW1 (N36)
     LUT6:I3->O            1   0.205   0.000  _vgaController/_pixelGenerator/Mmux_mode[1]_PWR_7_o_wide_mux_10_OUT21 (_vgaController/_pixelGenerator/mode[1]_PWR_7_o_wide_mux_10_OUT<1>)
     FDE:D                     0.102          _vgaController/_pixelGenerator/next_color_1
    ----------------------------------------
    Total                      3.792ns (1.732ns logic, 2.060ns route)
                                       (45.7% logic, 54.3% route)

=========================================================================
Timing constraint: Default OFFSET OUT AFTER for Clock 'clk'
  Total number of paths / destination ports: 10 / 10
-------------------------------------------------------------------------
Offset:              3.597ns (Levels of Logic = 1)
  Source:            _vgaController/_vgaSignalGenerator/rgbcolor_7 (FF)
  Destination:       rgbcolor<7> (PAD)
  Source Clock:      clk rising

  Data Path: _vgaController/_vgaSignalGenerator/rgbcolor_7 to rgbcolor<7>
                                Gate     Net
    Cell:in->out      fanout   Delay   Delay  Logical Name (Net Name)
    ----------------------------------------  ------------
     FDR:C->Q              1   0.447   0.579  _vgaController/_vgaSignalGenerator/rgbcolor_7 (_vgaController/_vgaSignalGenerator/rgbcolor_7)
     OBUF:I->O                 2.571          rgbcolor_7_OBUF (rgbcolor<7>)
    ----------------------------------------
    Total                      3.597ns (3.018ns logic, 0.579ns route)
                                       (83.9% logic, 16.1% route)

=========================================================================

Cross Clock Domains Report:
--------------------------

Clock to Setup on destination clock clk
---------------+---------+---------+---------+---------+
               | Src:Rise| Src:Fall| Src:Rise| Src:Fall|
Source Clock   |Dest:Rise|Dest:Rise|Dest:Fall|Dest:Fall|
---------------+---------+---------+---------+---------+
clk            |    7.202|         |         |         |
---------------+---------+---------+---------+---------+

=========================================================================


Total REAL time to Xst completion: 12.00 secs
Total CPU time to Xst completion: 11.67 secs
 
--> 


Total memory usage is 418348 kilobytes

Number of errors   :    0 (   0 filtered)
Number of warnings :    0 (   0 filtered)
Number of infos    :   24 (   0 filtered)

